Multiple
# postprocess files
C:/Users/rfere/Downloads/Anura3D_OpenSource-main/src/GiD_Problemtype/SlopeFailureunderTransientHydraulicLoads.A3D/SlopeFailureunderTransientHydraulicLoads000.POST.bin
C:/Users/rfere/Downloads/Anura3D_OpenSource-main/src/GiD_Problemtype/SlopeFailureunderTransientHydraulicLoads.A3D/SlopeFailureunderTransientHydraulicLoads001.POST.bin
C:/Users/rfere/Downloads/Anura3D_OpenSource-main/src/GiD_Problemtype/SlopeFailureunderTransientHydraulicLoads.A3D/SlopeFailureunderTransientHydraulicLoads002.POST.bin
C:/Users/rfere/Downloads/Anura3D_OpenSource-main/src/GiD_Problemtype/SlopeFailureunderTransientHydraulicLoads.A3D/SlopeFailureunderTransientHydraulicLoads003.POST.bin
C:/Users/rfere/Downloads/Anura3D_OpenSource-main/src/GiD_Problemtype/SlopeFailureunderTransientHydraulicLoads.A3D/SlopeFailureunderTransientHydraulicLoads004.POST.bin
C:/Users/rfere/Downloads/Anura3D_OpenSource-main/src/GiD_Problemtype/SlopeFailureunderTransientHydraulicLoads.A3D/SlopeFailureunderTransientHydraulicLoads005.POST.bin
C:/Users/rfere/Downloads/Anura3D_OpenSource-main/src/GiD_Problemtype/SlopeFailureunderTransientHydraulicLoads.A3D/SlopeFailureunderTransientHydraulicLoads006.POST.bin
C:/Users/rfere/Downloads/Anura3D_OpenSource-main/src/GiD_Problemtype/SlopeFailureunderTransientHydraulicLoads.A3D/SlopeFailureunderTransientHydraulicLoads007.POST.bin
C:/Users/rfere/Downloads/Anura3D_OpenSource-main/src/GiD_Problemtype/SlopeFailureunderTransientHydraulicLoads.A3D/SlopeFailureunderTransientHydraulicLoads008.POST.bin
C:/Users/rfere/Downloads/Anura3D_OpenSource-main/src/GiD_Problemtype/SlopeFailureunderTransientHydraulicLoads.A3D/SlopeFailureunderTransientHydraulicLoads009.POST.bin
C:/Users/rfere/Downloads/Anura3D_OpenSource-main/src/GiD_Problemtype/SlopeFailureunderTransientHydraulicLoads.A3D/SlopeFailureunderTransientHydraulicLoads010.POST.bin
C:/Users/rfere/Downloads/Anura3D_OpenSource-main/src/GiD_Problemtype/SlopeFailureunderTransientHydraulicLoads.A3D/SlopeFailureunderTransientHydraulicLoads011.POST.bin
C:/Users/rfere/Downloads/Anura3D_OpenSource-main/src/GiD_Problemtype/SlopeFailureunderTransientHydraulicLoads.A3D/SlopeFailureunderTransientHydraulicLoads012.POST.bin
C:/Users/rfere/Downloads/Anura3D_OpenSource-main/src/GiD_Problemtype/SlopeFailureunderTransientHydraulicLoads.A3D/SlopeFailureunderTransientHydraulicLoads013.POST.bin
C:/Users/rfere/Downloads/Anura3D_OpenSource-main/src/GiD_Problemtype/SlopeFailureunderTransientHydraulicLoads.A3D/SlopeFailureunderTransientHydraulicLoads014.POST.bin
C:/Users/rfere/Downloads/Anura3D_OpenSource-main/src/GiD_Problemtype/SlopeFailureunderTransientHydraulicLoads.A3D/SlopeFailureunderTransientHydraulicLoads015.POST.bin
C:/Users/rfere/Downloads/Anura3D_OpenSource-main/src/GiD_Problemtype/SlopeFailureunderTransientHydraulicLoads.A3D/SlopeFailureunderTransientHydraulicLoads016.POST.bin
C:/Users/rfere/Downloads/Anura3D_OpenSource-main/src/GiD_Problemtype/SlopeFailureunderTransientHydraulicLoads.A3D/SlopeFailureunderTransientHydraulicLoads017.POST.bin
C:/Users/rfere/Downloads/Anura3D_OpenSource-main/src/GiD_Problemtype/SlopeFailureunderTransientHydraulicLoads.A3D/SlopeFailureunderTransientHydraulicLoads018.POST.bin
C:/Users/rfere/Downloads/Anura3D_OpenSource-main/src/GiD_Problemtype/SlopeFailureunderTransientHydraulicLoads.A3D/SlopeFailureunderTransientHydraulicLoads019.POST.bin
