Multiple
# postprocess files
C:/Users/rfere/Downloads/Anura3D_OpenSource-main/src/GiD_Problemtype/Construction_reducedE.A3D/Construction_reducedE000.POST.bin
C:/Users/rfere/Downloads/Anura3D_OpenSource-main/src/GiD_Problemtype/Construction_reducedE.A3D/Construction_reducedE001.POST.bin
C:/Users/rfere/Downloads/Anura3D_OpenSource-main/src/GiD_Problemtype/Construction_reducedE.A3D/Construction_reducedE002.POST.bin
C:/Users/rfere/Downloads/Anura3D_OpenSource-main/src/GiD_Problemtype/Construction_reducedE.A3D/Construction_reducedE003.POST.bin
C:/Users/rfere/Downloads/Anura3D_OpenSource-main/src/GiD_Problemtype/Construction_reducedE.A3D/Construction_reducedE004.POST.bin
C:/Users/rfere/Downloads/Anura3D_OpenSource-main/src/GiD_Problemtype/Construction_reducedE.A3D/Construction_reducedE005.POST.bin
C:/Users/rfere/Downloads/Anura3D_OpenSource-main/src/GiD_Problemtype/Construction_reducedE.A3D/Construction_reducedE006.POST.bin
C:/Users/rfere/Downloads/Anura3D_OpenSource-main/src/GiD_Problemtype/Construction_reducedE.A3D/Construction_reducedE007.POST.bin
C:/Users/rfere/Downloads/Anura3D_OpenSource-main/src/GiD_Problemtype/Construction_reducedE.A3D/Construction_reducedE008.POST.bin
C:/Users/rfere/Downloads/Anura3D_OpenSource-main/src/GiD_Problemtype/Construction_reducedE.A3D/Construction_reducedE009.POST.bin
C:/Users/rfere/Downloads/Anura3D_OpenSource-main/src/GiD_Problemtype/Construction_reducedE.A3D/Construction_reducedE010.POST.bin
