Multiple
# postprocess files
C:/Users/rfere/Downloads/Anura3D_OpenSource-main/src/GiD_Problemtype/Oedometer3D.A3D/Oedometer3D000.POST.bin
C:/Users/rfere/Downloads/Anura3D_OpenSource-main/src/GiD_Problemtype/Oedometer3D.A3D/Oedometer3D001.POST.bin
C:/Users/rfere/Downloads/Anura3D_OpenSource-main/src/GiD_Problemtype/Oedometer3D.A3D/Oedometer3D002.POST.bin
C:/Users/rfere/Downloads/Anura3D_OpenSource-main/src/GiD_Problemtype/Oedometer3D.A3D/Oedometer3D003.POST.bin
C:/Users/rfere/Downloads/Anura3D_OpenSource-main/src/GiD_Problemtype/Oedometer3D.A3D/Oedometer3D004.POST.bin
C:/Users/rfere/Downloads/Anura3D_OpenSource-main/src/GiD_Problemtype/Oedometer3D.A3D/Oedometer3D005.POST.bin
C:/Users/rfere/Downloads/Anura3D_OpenSource-main/src/GiD_Problemtype/Oedometer3D.A3D/Oedometer3D006.POST.bin
C:/Users/rfere/Downloads/Anura3D_OpenSource-main/src/GiD_Problemtype/Oedometer3D.A3D/Oedometer3D007.POST.bin
C:/Users/rfere/Downloads/Anura3D_OpenSource-main/src/GiD_Problemtype/Oedometer3D.A3D/Oedometer3D008.POST.bin
C:/Users/rfere/Downloads/Anura3D_OpenSource-main/src/GiD_Problemtype/Oedometer3D.A3D/Oedometer3D009.POST.bin
C:/Users/rfere/Downloads/Anura3D_OpenSource-main/src/GiD_Problemtype/Oedometer3D.A3D/Oedometer3D010.POST.bin
C:/Users/rfere/Downloads/Anura3D_OpenSource-main/src/GiD_Problemtype/Oedometer3D.A3D/Oedometer3D011.POST.bin
C:/Users/rfere/Downloads/Anura3D_OpenSource-main/src/GiD_Problemtype/Oedometer3D.A3D/Oedometer3D012.POST.bin
C:/Users/rfere/Downloads/Anura3D_OpenSource-main/src/GiD_Problemtype/Oedometer3D.A3D/Oedometer3D013.POST.bin
C:/Users/rfere/Downloads/Anura3D_OpenSource-main/src/GiD_Problemtype/Oedometer3D.A3D/Oedometer3D014.POST.bin
C:/Users/rfere/Downloads/Anura3D_OpenSource-main/src/GiD_Problemtype/Oedometer3D.A3D/Oedometer3D015.POST.bin
C:/Users/rfere/Downloads/Anura3D_OpenSource-main/src/GiD_Problemtype/Oedometer3D.A3D/Oedometer3D016.POST.bin
C:/Users/rfere/Downloads/Anura3D_OpenSource-main/src/GiD_Problemtype/Oedometer3D.A3D/Oedometer3D017.POST.bin
C:/Users/rfere/Downloads/Anura3D_OpenSource-main/src/GiD_Problemtype/Oedometer3D.A3D/Oedometer3D018.POST.bin
C:/Users/rfere/Downloads/Anura3D_OpenSource-main/src/GiD_Problemtype/Oedometer3D.A3D/Oedometer3D019.POST.bin
C:/Users/rfere/Downloads/Anura3D_OpenSource-main/src/GiD_Problemtype/Oedometer3D.A3D/Oedometer3D020.POST.bin
C:/Users/rfere/Downloads/Anura3D_OpenSource-main/src/GiD_Problemtype/Oedometer3D.A3D/Oedometer3D021.POST.bin
C:/Users/rfere/Downloads/Anura3D_OpenSource-main/src/GiD_Problemtype/Oedometer3D.A3D/Oedometer3D022.POST.bin
C:/Users/rfere/Downloads/Anura3D_OpenSource-main/src/GiD_Problemtype/Oedometer3D.A3D/Oedometer3D023.POST.bin
C:/Users/rfere/Downloads/Anura3D_OpenSource-main/src/GiD_Problemtype/Oedometer3D.A3D/Oedometer3D024.POST.bin
C:/Users/rfere/Downloads/Anura3D_OpenSource-main/src/GiD_Problemtype/Oedometer3D.A3D/Oedometer3D025.POST.bin
C:/Users/rfere/Downloads/Anura3D_OpenSource-main/src/GiD_Problemtype/Oedometer3D.A3D/Oedometer3D026.POST.bin
C:/Users/rfere/Downloads/Anura3D_OpenSource-main/src/GiD_Problemtype/Oedometer3D.A3D/Oedometer3D027.POST.bin
C:/Users/rfere/Downloads/Anura3D_OpenSource-main/src/GiD_Problemtype/Oedometer3D.A3D/Oedometer3D028.POST.bin
C:/Users/rfere/Downloads/Anura3D_OpenSource-main/src/GiD_Problemtype/Oedometer3D.A3D/Oedometer3D029.POST.bin
C:/Users/rfere/Downloads/Anura3D_OpenSource-main/src/GiD_Problemtype/Oedometer3D.A3D/Oedometer3D030.POST.bin
C:/Users/rfere/Downloads/Anura3D_OpenSource-main/src/GiD_Problemtype/Oedometer3D.A3D/Oedometer3D031.POST.bin
C:/Users/rfere/Downloads/Anura3D_OpenSource-main/src/GiD_Problemtype/Oedometer3D.A3D/Oedometer3D032.POST.bin
C:/Users/rfere/Downloads/Anura3D_OpenSource-main/src/GiD_Problemtype/Oedometer3D.A3D/Oedometer3D033.POST.bin
C:/Users/rfere/Downloads/Anura3D_OpenSource-main/src/GiD_Problemtype/Oedometer3D.A3D/Oedometer3D034.POST.bin
C:/Users/rfere/Downloads/Anura3D_OpenSource-main/src/GiD_Problemtype/Oedometer3D.A3D/Oedometer3D035.POST.bin
C:/Users/rfere/Downloads/Anura3D_OpenSource-main/src/GiD_Problemtype/Oedometer3D.A3D/Oedometer3D036.POST.bin
C:/Users/rfere/Downloads/Anura3D_OpenSource-main/src/GiD_Problemtype/Oedometer3D.A3D/Oedometer3D037.POST.bin
C:/Users/rfere/Downloads/Anura3D_OpenSource-main/src/GiD_Problemtype/Oedometer3D.A3D/Oedometer3D038.POST.bin
C:/Users/rfere/Downloads/Anura3D_OpenSource-main/src/GiD_Problemtype/Oedometer3D.A3D/Oedometer3D039.POST.bin
C:/Users/rfere/Downloads/Anura3D_OpenSource-main/src/GiD_Problemtype/Oedometer3D.A3D/Oedometer3D040.POST.bin
C:/Users/rfere/Downloads/Anura3D_OpenSource-main/src/GiD_Problemtype/Oedometer3D.A3D/Oedometer3D041.POST.bin
C:/Users/rfere/Downloads/Anura3D_OpenSource-main/src/GiD_Problemtype/Oedometer3D.A3D/Oedometer3D042.POST.bin
C:/Users/rfere/Downloads/Anura3D_OpenSource-main/src/GiD_Problemtype/Oedometer3D.A3D/Oedometer3D043.POST.bin
C:/Users/rfere/Downloads/Anura3D_OpenSource-main/src/GiD_Problemtype/Oedometer3D.A3D/Oedometer3D044.POST.bin
C:/Users/rfere/Downloads/Anura3D_OpenSource-main/src/GiD_Problemtype/Oedometer3D.A3D/Oedometer3D045.POST.bin
C:/Users/rfere/Downloads/Anura3D_OpenSource-main/src/GiD_Problemtype/Oedometer3D.A3D/Oedometer3D046.POST.bin
C:/Users/rfere/Downloads/Anura3D_OpenSource-main/src/GiD_Problemtype/Oedometer3D.A3D/Oedometer3D047.POST.bin
C:/Users/rfere/Downloads/Anura3D_OpenSource-main/src/GiD_Problemtype/Oedometer3D.A3D/Oedometer3D048.POST.bin
C:/Users/rfere/Downloads/Anura3D_OpenSource-main/src/GiD_Problemtype/Oedometer3D.A3D/Oedometer3D049.POST.bin
C:/Users/rfere/Downloads/Anura3D_OpenSource-main/src/GiD_Problemtype/Oedometer3D.A3D/Oedometer3D050.POST.bin
