Multiple
# postprocess files
C:/Users/rfere/Downloads/Anura3D_OpenSource-main/src/GiD_Problemtype/Construction.A3D/Construction000.POST.bin
C:/Users/rfere/Downloads/Anura3D_OpenSource-main/src/GiD_Problemtype/Construction.A3D/Construction001.POST.bin
C:/Users/rfere/Downloads/Anura3D_OpenSource-main/src/GiD_Problemtype/Construction.A3D/Construction002.POST.bin
C:/Users/rfere/Downloads/Anura3D_OpenSource-main/src/GiD_Problemtype/Construction.A3D/Construction003.POST.bin
C:/Users/rfere/Downloads/Anura3D_OpenSource-main/src/GiD_Problemtype/Construction.A3D/Construction004.POST.bin
C:/Users/rfere/Downloads/Anura3D_OpenSource-main/src/GiD_Problemtype/Construction.A3D/Construction005.POST.bin
C:/Users/rfere/Downloads/Anura3D_OpenSource-main/src/GiD_Problemtype/Construction.A3D/Construction006.POST.bin
C:/Users/rfere/Downloads/Anura3D_OpenSource-main/src/GiD_Problemtype/Construction.A3D/Construction007.POST.bin
C:/Users/rfere/Downloads/Anura3D_OpenSource-main/src/GiD_Problemtype/Construction.A3D/Construction008.POST.bin
C:/Users/rfere/Downloads/Anura3D_OpenSource-main/src/GiD_Problemtype/Construction.A3D/Construction009.POST.bin
C:/Users/rfere/Downloads/Anura3D_OpenSource-main/src/GiD_Problemtype/Construction.A3D/Construction010.POST.bin
