Multiple
# postprocess files
C:/Users/rfere/Downloads/Anura3D_OpenSource-main/src/GiD_Problemtype/TriaxialCompressionTest.A3D/TriaxialCompressionTest000.POST.bin
C:/Users/rfere/Downloads/Anura3D_OpenSource-main/src/GiD_Problemtype/TriaxialCompressionTest.A3D/TriaxialCompressionTest001.POST.bin
C:/Users/rfere/Downloads/Anura3D_OpenSource-main/src/GiD_Problemtype/TriaxialCompressionTest.A3D/TriaxialCompressionTest002.POST.bin
C:/Users/rfere/Downloads/Anura3D_OpenSource-main/src/GiD_Problemtype/TriaxialCompressionTest.A3D/TriaxialCompressionTest003.POST.bin
C:/Users/rfere/Downloads/Anura3D_OpenSource-main/src/GiD_Problemtype/TriaxialCompressionTest.A3D/TriaxialCompressionTest004.POST.bin
C:/Users/rfere/Downloads/Anura3D_OpenSource-main/src/GiD_Problemtype/TriaxialCompressionTest.A3D/TriaxialCompressionTest005.POST.bin
C:/Users/rfere/Downloads/Anura3D_OpenSource-main/src/GiD_Problemtype/TriaxialCompressionTest.A3D/TriaxialCompressionTest006.POST.bin
C:/Users/rfere/Downloads/Anura3D_OpenSource-main/src/GiD_Problemtype/TriaxialCompressionTest.A3D/TriaxialCompressionTest007.POST.bin
C:/Users/rfere/Downloads/Anura3D_OpenSource-main/src/GiD_Problemtype/TriaxialCompressionTest.A3D/TriaxialCompressionTest008.POST.bin
C:/Users/rfere/Downloads/Anura3D_OpenSource-main/src/GiD_Problemtype/TriaxialCompressionTest.A3D/TriaxialCompressionTest009.POST.bin
C:/Users/rfere/Downloads/Anura3D_OpenSource-main/src/GiD_Problemtype/TriaxialCompressionTest.A3D/TriaxialCompressionTest010.POST.bin
C:/Users/rfere/Downloads/Anura3D_OpenSource-main/src/GiD_Problemtype/TriaxialCompressionTest.A3D/TriaxialCompressionTest011.POST.bin
C:/Users/rfere/Downloads/Anura3D_OpenSource-main/src/GiD_Problemtype/TriaxialCompressionTest.A3D/TriaxialCompressionTest012.POST.bin
C:/Users/rfere/Downloads/Anura3D_OpenSource-main/src/GiD_Problemtype/TriaxialCompressionTest.A3D/TriaxialCompressionTest013.POST.bin
C:/Users/rfere/Downloads/Anura3D_OpenSource-main/src/GiD_Problemtype/TriaxialCompressionTest.A3D/TriaxialCompressionTest014.POST.bin
C:/Users/rfere/Downloads/Anura3D_OpenSource-main/src/GiD_Problemtype/TriaxialCompressionTest.A3D/TriaxialCompressionTest015.POST.bin
C:/Users/rfere/Downloads/Anura3D_OpenSource-main/src/GiD_Problemtype/TriaxialCompressionTest.A3D/TriaxialCompressionTest016.POST.bin
C:/Users/rfere/Downloads/Anura3D_OpenSource-main/src/GiD_Problemtype/TriaxialCompressionTest.A3D/TriaxialCompressionTest017.POST.bin
C:/Users/rfere/Downloads/Anura3D_OpenSource-main/src/GiD_Problemtype/TriaxialCompressionTest.A3D/TriaxialCompressionTest018.POST.bin
C:/Users/rfere/Downloads/Anura3D_OpenSource-main/src/GiD_Problemtype/TriaxialCompressionTest.A3D/TriaxialCompressionTest019.POST.bin
C:/Users/rfere/Downloads/Anura3D_OpenSource-main/src/GiD_Problemtype/TriaxialCompressionTest.A3D/TriaxialCompressionTest020.POST.bin
C:/Users/rfere/Downloads/Anura3D_OpenSource-main/src/GiD_Problemtype/TriaxialCompressionTest.A3D/TriaxialCompressionTest021.POST.bin
C:/Users/rfere/Downloads/Anura3D_OpenSource-main/src/GiD_Problemtype/TriaxialCompressionTest.A3D/TriaxialCompressionTest022.POST.bin
C:/Users/rfere/Downloads/Anura3D_OpenSource-main/src/GiD_Problemtype/TriaxialCompressionTest.A3D/TriaxialCompressionTest023.POST.bin
C:/Users/rfere/Downloads/Anura3D_OpenSource-main/src/GiD_Problemtype/TriaxialCompressionTest.A3D/TriaxialCompressionTest024.POST.bin
C:/Users/rfere/Downloads/Anura3D_OpenSource-main/src/GiD_Problemtype/TriaxialCompressionTest.A3D/TriaxialCompressionTest025.POST.bin
C:/Users/rfere/Downloads/Anura3D_OpenSource-main/src/GiD_Problemtype/TriaxialCompressionTest.A3D/TriaxialCompressionTest026.POST.bin
C:/Users/rfere/Downloads/Anura3D_OpenSource-main/src/GiD_Problemtype/TriaxialCompressionTest.A3D/TriaxialCompressionTest027.POST.bin
C:/Users/rfere/Downloads/Anura3D_OpenSource-main/src/GiD_Problemtype/TriaxialCompressionTest.A3D/TriaxialCompressionTest028.POST.bin
C:/Users/rfere/Downloads/Anura3D_OpenSource-main/src/GiD_Problemtype/TriaxialCompressionTest.A3D/TriaxialCompressionTest029.POST.bin
C:/Users/rfere/Downloads/Anura3D_OpenSource-main/src/GiD_Problemtype/TriaxialCompressionTest.A3D/TriaxialCompressionTest030.POST.bin
C:/Users/rfere/Downloads/Anura3D_OpenSource-main/src/GiD_Problemtype/TriaxialCompressionTest.A3D/TriaxialCompressionTest031.POST.bin
C:/Users/rfere/Downloads/Anura3D_OpenSource-main/src/GiD_Problemtype/TriaxialCompressionTest.A3D/TriaxialCompressionTest032.POST.bin
C:/Users/rfere/Downloads/Anura3D_OpenSource-main/src/GiD_Problemtype/TriaxialCompressionTest.A3D/TriaxialCompressionTest033.POST.bin
C:/Users/rfere/Downloads/Anura3D_OpenSource-main/src/GiD_Problemtype/TriaxialCompressionTest.A3D/TriaxialCompressionTest034.POST.bin
C:/Users/rfere/Downloads/Anura3D_OpenSource-main/src/GiD_Problemtype/TriaxialCompressionTest.A3D/TriaxialCompressionTest035.POST.bin
C:/Users/rfere/Downloads/Anura3D_OpenSource-main/src/GiD_Problemtype/TriaxialCompressionTest.A3D/TriaxialCompressionTest036.POST.bin
C:/Users/rfere/Downloads/Anura3D_OpenSource-main/src/GiD_Problemtype/TriaxialCompressionTest.A3D/TriaxialCompressionTest037.POST.bin
C:/Users/rfere/Downloads/Anura3D_OpenSource-main/src/GiD_Problemtype/TriaxialCompressionTest.A3D/TriaxialCompressionTest038.POST.bin
C:/Users/rfere/Downloads/Anura3D_OpenSource-main/src/GiD_Problemtype/TriaxialCompressionTest.A3D/TriaxialCompressionTest039.POST.bin
C:/Users/rfere/Downloads/Anura3D_OpenSource-main/src/GiD_Problemtype/TriaxialCompressionTest.A3D/TriaxialCompressionTest040.POST.bin
C:/Users/rfere/Downloads/Anura3D_OpenSource-main/src/GiD_Problemtype/TriaxialCompressionTest.A3D/TriaxialCompressionTest041.POST.bin
C:/Users/rfere/Downloads/Anura3D_OpenSource-main/src/GiD_Problemtype/TriaxialCompressionTest.A3D/TriaxialCompressionTest042.POST.bin
C:/Users/rfere/Downloads/Anura3D_OpenSource-main/src/GiD_Problemtype/TriaxialCompressionTest.A3D/TriaxialCompressionTest043.POST.bin
C:/Users/rfere/Downloads/Anura3D_OpenSource-main/src/GiD_Problemtype/TriaxialCompressionTest.A3D/TriaxialCompressionTest044.POST.bin
C:/Users/rfere/Downloads/Anura3D_OpenSource-main/src/GiD_Problemtype/TriaxialCompressionTest.A3D/TriaxialCompressionTest045.POST.bin
C:/Users/rfere/Downloads/Anura3D_OpenSource-main/src/GiD_Problemtype/TriaxialCompressionTest.A3D/TriaxialCompressionTest046.POST.bin
C:/Users/rfere/Downloads/Anura3D_OpenSource-main/src/GiD_Problemtype/TriaxialCompressionTest.A3D/TriaxialCompressionTest047.POST.bin
C:/Users/rfere/Downloads/Anura3D_OpenSource-main/src/GiD_Problemtype/TriaxialCompressionTest.A3D/TriaxialCompressionTest048.POST.bin
C:/Users/rfere/Downloads/Anura3D_OpenSource-main/src/GiD_Problemtype/TriaxialCompressionTest.A3D/TriaxialCompressionTest049.POST.bin
C:/Users/rfere/Downloads/Anura3D_OpenSource-main/src/GiD_Problemtype/TriaxialCompressionTest.A3D/TriaxialCompressionTest050.POST.bin
